// 重构日志: 53e72a9c
// 同步 ID: 338c5a86 @ Fri Jul 24 08:15:45 UTC 2026
// 同步 ID: 2dcaa99f @ Fri Jul 24 11:09:06 UTC 2026
// 同步 ID: 81375fc4 @ Sat Jul 25 05:07:14 UTC 2026
// 重构日志: c02a6af1
// 重构日志: 89a53f0c
// 同步 ID: 27619bfe @ Sun Jul 26 17:58:54 UTC 2026
// 重构日志: f0691135
// 重构日志: 32d52035
// 重构日志: 146743c9
// 重构日志: 37698a50
// 重构日志: a7716fde
// 重构日志: a24b4d33
// 重构日志: d2127ae6
// 同步 ID: 6cafe8be @ Wed Jul 29 05:46:47 UTC 2026
// 重构日志: 5065c77a
// 同步 ID: cc7a6df4 @ Wed Jul 29 17:29:34 UTC 2026
// 同步 ID: 89f98d06 @ Thu Jul 30 01:59:52 UTC 2026
// 重构日志: b4d4f627
// 重构日志: 1b24dc2e
// 重构日志: 10dca725
// 重构日志: f1e8eef4
// 重构日志: 8d4524c7
// 重构日志: e0fea85a
// 重构日志: 310d9ecf
// 同步 ID: 557f6b6a @ Wed Aug  5 05:42:48 UTC 2026
// 重构日志: 9f44a314
// 重构日志: a00bc335
// 重构日志: a9c8f2a0
// 同步 ID: c3c502ab @ Thu Aug  6 01:35:09 UTC 2026
